pages/Arena/Match/components/modals/rules/WeatherModal.tsx(27,29): error TS2322: Type '(manualVal?: number) => void' is not assignable to type 'MouseEventHandler<HTMLButtonElement>'.
  Types of parameters 'manualVal' and 'event' are incompatible.
    Type 'MouseEvent<HTMLButtonElement, MouseEvent>' is not assignable to type 'number'.
pages/Arena/Match/components/modals/system/CustomEventModal.tsx(6,9): error TS2339: Property 'isCustomEventModalOpen' does not exist on type 'MatchContextType'.
pages/Arena/Match/components/modals/system/CustomEventModal.tsx(7,9): error TS2339: Property 'setIsCustomEventModalOpen' does not exist on type 'MatchContextType'.
pages/Arena/Match/components/S3ActionOrchestrator.tsx(253,14): error TS2367: This comparison appears to be unintentional because the types '"selecting_actor" | "selecting_action" | "selecting_objective" | "awaiting_dice" | "processing"' and '"idle"' have no overlap.
